// Jest Snapshot v1, https://goo.gl/fbAQLP

exports[`PluginForm should match a snapshot 1`] = `ReactWrapper {}`;
