// Jest Snapshot v1, https://goo.gl/fbAQLP

exports[`Modal should match a snapshot 1`] = `ShallowWrapper {}`;
