// Jest Snapshot v1, https://goo.gl/fbAQLP

exports[`PluginList should match the snapshot 1`] = `ShallowWrapper {}`;
