// Jest Snapshot v1, https://goo.gl/fbAQLP

exports[`PluginSearchResults should match a snapshot 1`] = `ReactWrapper {}`;
