// Jest Snapshot v1, https://goo.gl/fbAQLP

exports[`Plugin card should match a snapshot 1`] = `ShallowWrapper {}`;
